\BOOKMARK [1][-]{Doc-Start}{\376\377\000A\000b\000s\000t\000r\000a\000c\000t}{}% 1
\BOOKMARK [1][-]{section.1}{\376\377\000I\000n\000t\000r\000o\000d\000u\000c\000t\000i\000o\000n}{}% 2
\BOOKMARK [1][-]{section.2}{\376\377\000R\000e\000l\000a\000t\000e\000d\000\040\000W\000o\000r\000k\000s}{}% 3
\BOOKMARK [1][-]{section.3}{\376\377\000M\000e\000t\000h\000o\000d\000s\000\040\000a\000n\000d\000\040\000M\000a\000t\000e\000r\000i\000a\000l\000s}{}% 4
\BOOKMARK [2][-]{subsection.3.1}{\376\377\000D\000a\000t\000a}{section.3}% 5
\BOOKMARK [2][-]{subsection.3.2}{\376\377\000F\000e\000a\000t\000u\000r\000e\000s}{section.3}% 6
\BOOKMARK [3][-]{subsubsection.3.2.1}{\376\377\000V\000o\000l\000u\000m\000e\000\040\000W\000e\000i\000g\000h\000t\000e\000d\000\040\000A\000v\000e\000r\000a\000g\000e\000\040\000P\000r\000i\000c\000e}{subsection.3.2}% 7
\BOOKMARK [3][-]{subsubsection.3.2.2}{\376\377\000T\000r\000a\000d\000e\000\040\000C\000o\000u\000n\000t}{subsection.3.2}% 8
\BOOKMARK [2][-]{subsection.3.3}{\376\377\000D\000a\000t\000a\000\040\000S\000o\000u\000r\000c\000e\000s\000\040\000a\000n\000d\000\040\000M\000a\000r\000k\000e\000t\000\040\000H\000o\000u\000r\000s}{section.3}% 9
\BOOKMARK [2][-]{subsection.3.4}{\376\377\000S\000c\000a\000l\000e\000r\000s}{section.3}% 10
\BOOKMARK [2][-]{subsection.3.5}{\376\377\000N\000e\000u\000r\000a\000l\000\040\000N\000e\000t\000w\000o\000r\000k\000s}{section.3}% 11
\BOOKMARK [3][-]{subsubsection.3.5.1}{\376\377\000R\000e\000c\000u\000r\000r\000e\000n\000t\000\040\000N\000e\000u\000r\000a\000l\000\040\000N\000e\000t\000w\000o\000r\000k\000s}{subsection.3.5}% 12
\BOOKMARK [3][-]{subsubsection.3.5.2}{\376\377\000T\000h\000e\000\040\000E\000x\000p\000l\000o\000d\000i\000n\000g\000\040\000a\000n\000d\000\040\000V\000a\000n\000i\000s\000h\000i\000n\000g\000\040\000G\000r\000a\000d\000i\000e\000n\000t\000s\000\040\000P\000r\000o\000b\000l\000e\000m}{subsection.3.5}% 13
\BOOKMARK [3][-]{subsubsection.3.5.3}{\376\377\000L\000o\000n\000g\000\040\000S\000h\000o\000r\000t\000-\000T\000e\000r\000m\000\040\000M\000e\000m\000o\000r\000y}{subsection.3.5}% 14
\BOOKMARK [1][-]{section.4}{\376\377\000R\000e\000s\000u\000l\000t\000s}{}% 15
\BOOKMARK [2][-]{subsection.4.1}{\376\377\000I\000E\000X}{section.4}% 16
\BOOKMARK [2][-]{subsection.4.2}{\376\377\000S\000I\000P}{section.4}% 17
\BOOKMARK [1][-]{section.5}{\376\377\000D\000i\000s\000c\000u\000s\000s\000i\000o\000n}{}% 18
\BOOKMARK [2][-]{subsection.5.1}{\376\377\000P\000e\000r\000f\000o\000r\000m\000a\000n\000c\000e\000\040\000A\000c\000r\000o\000s\000s\000\040\000D\000a\000t\000a\000\040\000F\000e\000e\000d\000s}{section.5}% 19
\BOOKMARK [2][-]{subsection.5.2}{\376\377\000E\000f\000f\000e\000c\000t\000i\000v\000e\000n\000e\000s\000s\000\040\000o\000f\000\040\000S\000c\000a\000l\000i\000n\000g\000\040\000T\000e\000c\000h\000n\000i\000q\000u\000e\000s}{section.5}% 20
\BOOKMARK [2][-]{subsection.5.3}{\376\377\000V\000o\000l\000a\000t\000i\000l\000i\000t\000y}{section.5}% 21
\BOOKMARK [1][-]{section.6}{\376\377\000C\000o\000n\000c\000l\000u\000s\000i\000o\000n}{}% 22
\BOOKMARK [1][-]{section.6}{\376\377\000R\000e\000f\000e\000r\000e\000n\000c\000e\000s}{}% 23
